
   WARN  Metadata found in doc-comment for method Tests\Feature\Location\ProcessusLocationTest::un_locataire_peut_soumettre_une_demande_de_location(). Metadata in doc-comments is deprecated and will no longer be supported in PHPUnit 12. Update your test code to use attributes instead.

   WARN  Metadata found in doc-comment for method Tests\Feature\Location\ProcessusLocationTest::la_demande_cree_la_bonne_date_de_fin(). Metadata in doc-comments is deprecated and will no longer be supported in PHPUnit 12. Update your test code to use attributes instead.

   WARN  Metadata found in doc-comment for method Tests\Feature\Location\ProcessusLocationTest::le_prix_de_la_location_correspond_au_loyer_du_bien(). Metadata in doc-comments is deprecated and will no longer be supported in PHPUnit 12. Update your test code to use attributes instead.

   WARN  Metadata found in doc-comment for method Tests\Feature\Location\ProcessusLocationTest::un_locataire_ne_peut_pas_faire_deux_demandes_pour_le_meme_bien(). Metadata in doc-comments is deprecated and will no longer be supported in PHPUnit 12. Update your test code to use attributes instead.

   WARN  Metadata found in doc-comment for method Tests\Feature\Location\ProcessusLocationTest::un_locataire_peut_re_postuler_apres_annulation(). Metadata in doc-comments is deprecated and will no longer be supported in PHPUnit 12. Update your test code to use attributes instead.

   WARN  Metadata found in doc-comment for method Tests\Feature\Location\ProcessusLocationTest::un_utilisateur_non_connecte_ne_peut_pas_postuler(). Metadata in doc-comments is deprecated and will no longer be supported in PHPUnit 12. Update your test code to use attributes instead.

   WARN  Metadata found in doc-comment for method Tests\Feature\Location\ProcessusLocationTest::un_utilisateur_non_connecte_ne_peut_pas_voir_ses_locations(). Metadata in doc-comments is deprecated and will no longer be supported in PHPUnit 12. Update your test code to use attributes instead.

   WARN  Metadata found in doc-comment for method Tests\Feature\Location\ProcessusLocationTest::un_utilisateur_non_connecte_ne_peut_pas_voir_le_dashboard(). Metadata in doc-comments is deprecated and will no longer be supported in PHPUnit 12. Update your test code to use attributes instead.

   WARN  Metadata found in doc-comment for method Tests\Feature\Location\ProcessusLocationTest::la_demande_echoue_sans_property_id(). Metadata in doc-comments is deprecated and will no longer be supported in PHPUnit 12. Update your test code to use attributes instead.

   WARN  Metadata found in doc-comment for method Tests\Feature\Location\ProcessusLocationTest::la_demande_echoue_avec_un_bien_inexistant(). Metadata in doc-comments is deprecated and will no longer be supported in PHPUnit 12. Update your test code to use attributes instead.

   WARN  Metadata found in doc-comment for method Tests\Feature\Location\ProcessusLocationTest::la_demande_echoue_sans_start_date(). Metadata in doc-comments is deprecated and will no longer be supported in PHPUnit 12. Update your test code to use attributes instead.

   WARN  Metadata found in doc-comment for method Tests\Feature\Location\ProcessusLocationTest::la_demande_echoue_avec_une_date_dans_le_passe(). Metadata in doc-comments is deprecated and will no longer be supported in PHPUnit 12. Update your test code to use attributes instead.

   WARN  Metadata found in doc-comment for method Tests\Feature\Location\ProcessusLocationTest::la_demande_echoue_sans_duration_months(). Metadata in doc-comments is deprecated and will no longer be supported in PHPUnit 12. Update your test code to use attributes instead.

   WARN  Metadata found in doc-comment for method Tests\Feature\Location\ProcessusLocationTest::la_demande_echoue_avec_duration_months_negatif(). Metadata in doc-comments is deprecated and will no longer be supported in PHPUnit 12. Update your test code to use attributes instead.

   WARN  Metadata found in doc-comment for method Tests\Feature\Location\ProcessusLocationTest::un_locataire_voit_uniquement_ses_locations(). Metadata in doc-comments is deprecated and will no longer be supported in PHPUnit 12. Update your test code to use attributes instead.

   WARN  Metadata found in doc-comment for method Tests\Feature\Location\ProcessusLocationTest::la_liste_des_locations_est_vide_pour_un_nouveau_locataire(). Metadata in doc-comments is deprecated and will no longer be supported in PHPUnit 12. Update your test code to use attributes instead.

   WARN  Metadata found in doc-comment for method Tests\Feature\Location\ProcessusLocationTest::les_locations_incluent_les_informations_du_bien(). Metadata in doc-comments is deprecated and will no longer be supported in PHPUnit 12. Update your test code to use attributes instead.

   WARN  Metadata found in doc-comment for method Tests\Feature\Location\ProcessusLocationTest::le_dashboard_locataire_retourne_les_stats_correctes(). Metadata in doc-comments is deprecated and will no longer be supported in PHPUnit 12. Update your test code to use attributes instead.

   WARN  Metadata found in doc-comment for method Tests\Feature\Location\ProcessusLocationTest::le_dashboard_locataire_retourne_la_location_active(). Metadata in doc-comments is deprecated and will no longer be supported in PHPUnit 12. Update your test code to use attributes instead.

   WARN  Metadata found in doc-comment for method Tests\Feature\Location\ProcessusLocationTest::le_dashboard_locataire_sans_location_active_retourne_null(). Metadata in doc-comments is deprecated and will no longer be supported in PHPUnit 12. Update your test code to use attributes instead.

   WARN  Metadata found in doc-comment for method Tests\Feature\Location\ProcessusLocationTest::un_bailleur_voit_les_candidatures_pour_ses_biens(). Metadata in doc-comments is deprecated and will no longer be supported in PHPUnit 12. Update your test code to use attributes instead.

   WARN  Metadata found in doc-comment for method Tests\Feature\Location\ProcessusLocationTest::un_bailleur_ne_voit_pas_les_candidatures_des_autres_bailleurs(). Metadata in doc-comments is deprecated and will no longer be supported in PHPUnit 12. Update your test code to use attributes instead.

   WARN  Metadata found in doc-comment for method Tests\Feature\Location\ProcessusLocationTest::un_bailleur_peut_accepter_une_candidature(). Metadata in doc-comments is deprecated and will no longer be supported in PHPUnit 12. Update your test code to use attributes instead.

   WARN  Metadata found in doc-comment for method Tests\Feature\Location\ProcessusLocationTest::un_bailleur_peut_rejeter_une_candidature(). Metadata in doc-comments is deprecated and will no longer be supported in PHPUnit 12. Update your test code to use attributes instead.

   WARN  Metadata found in doc-comment for method Tests\Feature\Location\ProcessusLocationTest::un_locataire_ne_peut_pas_modifier_le_statut_dune_candidature(). Metadata in doc-comments is deprecated and will no longer be supported in PHPUnit 12. Update your test code to use attributes instead.

   WARN  Metadata found in doc-comment for method Tests\Feature\Location\ProcessusLocationTest::un_invité_ne_peut_pas_accéder_aux_applications_bailleur(). Metadata in doc-comments is deprecated and will no longer be supported in PHPUnit 12. Update your test code to use attributes instead.

   WARN  Metadata found in doc-comment for method Tests\Feature\Location\ProcessusLocationTest::la_reponse_api_rentals_a_la_bonne_structure(). Metadata in doc-comments is deprecated and will no longer be supported in PHPUnit 12. Update your test code to use attributes instead.

   WARN  Metadata found in doc-comment for method Tests\Feature\Location\ProcessusLocationTest::la_reponse_api_apply_retourne_les_donnees_de_la_location(). Metadata in doc-comments is deprecated and will no longer be supported in PHPUnit 12. Update your test code to use attributes instead.

   WARN  Metadata found in doc-comment for method Tests\Feature\Location\ProcessusLocationTest::scenario_complet_de_location(). Metadata in doc-comments is deprecated and will no longer be supported in PHPUnit 12. Update your test code to use attributes instead.
"Bailleur ID: 1" // tests\Feature\Location\ProcessusLocationTest.php:596
"Rental ID: 1" // tests\Feature\Location\ProcessusLocationTest.php:597
"Rental from DB: " // tests\Feature\Location\ProcessusLocationTest.php:598
array:12 [
  "id" => 1
  "property_id" => 1
  "tenant_id" => 2
  "start_date" => "2026-03-03T00:00:00.000000Z"
  "end_date" => "2027-03-03T00:00:00.000000Z"
  "price" => 100000
  "monthly_rent" => null
  "payment_status" => "unpaid"
  "status" => "pending"
  "notes" => "Scénario bout-en-bout."
  "created_at" => "2026-02-24T15:24:21.000000Z"
  "updated_at" => "2026-02-24T15:24:21.000000Z"
] // tests\Feature\Location\ProcessusLocationTest.php:598
"Property from DB: " // tests\Feature\Location\ProcessusLocationTest.php:599
array:23 [
  "id" => 1
  "user_id" => 1
  "title" => "Rénové - Chambre à Dougol, Maroua"
  "slug" => "renove-chambre-a-dougol-maroua-7934"
  "type" => "rent"
  "status" => "active"
  "price" => "100000.00"
  "currency" => "XAF"
  "description" => "Belle chambre rénové dans un appartement calme, quartier Dougol. Idéale pour étudiant ou jeune professionnel. Accès facile aux transports en commun."
  "location" => "Dougol, Maroua"
  "city" => "Maroua"
  "region" => "Nord / Adamaoua"
  "features" => array:2 [
    0 => "Sécurité 24/7"
    1 => "Gardiennage"
  ]
  "bedrooms" => 1
  "bathrooms" => 1
  "area" => "12.00"
  "construction_year" => 2023
  "views_count" => 330
  "created_at" => "2026-02-24T15:24:21.000000Z"
  "updated_at" => "2026-02-24T15:24:21.000000Z"
  "category" => "Chambre"
  "etat" => "Rénové"
  "amenities" => array:2 [
    0 => "Sécurité 24/7"
    1 => "Gardiennage"
  ]
] // tests\Feature\Location\ProcessusLocationTest.php:599
"Response body: " // tests\Feature\Location\ProcessusLocationTest.php:600
array:5 [
  "message" => "No query results for model [App\Models\Rental]."
  "exception" => "Symfony\Component\HttpKernel\Exception\NotFoundHttpException"
  "file" => "C:\laragon\www\home-cameroon\backend\vendor\laravel\framework\src\Illuminate\Foundation\Exceptions\Handler.php"
  "line" => 668
  "trace" => array:49 [
    0 => array:5 [
      "file" => "C:\laragon\www\home-cameroon\backend\vendor\laravel\framework\src\Illuminate\Foundation\Exceptions\Handler.php"
      "line" => 616
      "function" => "prepareException"
      "class" => "Illuminate\Foundation\Exceptions\Handler"
      "type" => "->"
    ]
    1 => array:5 [
      "file" => "C:\laragon\www\home-cameroon\backend\vendor\laravel\framework\src\Illuminate\Routing\Pipeline.php"
      "line" => 51
      "function" => "render"
      "class" => "Illuminate\Foundation\Exceptions\Handler"
      "type" => "->"
    ]
    2 => array:5 [
      "file" => "C:\laragon\www\home-cameroon\backend\vendor\laravel\framework\src\Illuminate\Pipeline\Pipeline.php"
      "line" => 182
      "function" => "handleException"
      "class" => "Illuminate\Routing\Pipeline"
      "type" => "->"
    ]
    3 => array:5 [
      "file" => "C:\laragon\www\home-cameroon\backend\vendor\laravel\framework\src\Illuminate\Routing\Middleware\SubstituteBindings.php"
      "line" => 50
      "function" => "Illuminate\Pipeline\{closure}"
      "class" => "Illuminate\Pipeline\Pipeline"
      "type" => "->"
    ]
    4 => array:5 [
      "file" => "C:\laragon\www\home-cameroon\backend\vendor\laravel\framework\src\Illuminate\Pipeline\Pipeline.php"
      "line" => 219
      "function" => "handle"
      "class" => "Illuminate\Routing\Middleware\SubstituteBindings"
      "type" => "->"
    ]
    5 => array:5 [
      "file" => "C:\laragon\www\home-cameroon\backend\vendor\laravel\framework\src\Illuminate\Auth\Middleware\Authenticate.php"
      "line" => 63
      "function" => "Illuminate\Pipeline\{closure}"
      "class" => "Illuminate\Pipeline\Pipeline"
      "type" => "->"
    ]
    6 => array:5 [
      "file" => "C:\laragon\www\home-cameroon\backend\vendor\laravel\framework\src\Illuminate\Pipeline\Pipeline.php"
      "line" => 219
      "function" => "handle"
      "class" => "Illuminate\Auth\Middleware\Authenticate"
      "type" => "->"
    ]
    7 => array:5 [
      "file" => "C:\laragon\www\home-cameroon\backend\vendor\laravel\framework\src\Illuminate\Pipeline\Pipeline.php"
      "line" => 137
      "function" => "Illuminate\Pipeline\{closure}"
      "class" => "Illuminate\Pipeline\Pipeline"
      "type" => "->"
    ]
    8 => array:5 [
      "file" => "C:\laragon\www\home-cameroon\backend\vendor\laravel\framework\src\Illuminate\Routing\Router.php"
      "line" => 821
      "function" => "then"
      "class" => "Illuminate\Pipeline\Pipeline"
      "type" => "->"
    ]
    9 => array:5 [
      "file" => "C:\laragon\www\home-cameroon\backend\vendor\laravel\framework\src\Illuminate\Routing\Router.php"
      "line" => 800
      "function" => "runRouteWithinStack"
      "class" => "Illuminate\Routing\Router"
      "type" => "->"
    ]
    10 => array:5 [
      "file" => "C:\laragon\www\home-cameroon\backend\vendor\laravel\framework\src\Illuminate\Routing\Router.php"
      "line" => 764
      "function" => "runRoute"
      "class" => "Illuminate\Routing\Router"
      "type" => "->"
    ]
    11 => array:5 [
      "file" => "C:\laragon\www\home-cameroon\backend\vendor\laravel\framework\src\Illuminate\Routing\Router.php"
      "line" => 753
      "function" => "dispatchToRoute"
      "class" => "Illuminate\Routing\Router"
      "type" => "->"
    ]
    12 => array:5 [
      "file" => "C:\laragon\www\home-cameroon\backend\vendor\laravel\framework\src\Illuminate\Foundation\Http\Kernel.php"
      "line" => 200
      "function" => "dispatch"
      "class" => "Illuminate\Routing\Router"
      "type" => "->"
    ]
    13 => array:5 [
      "file" => "C:\laragon\www\home-cameroon\backend\vendor\laravel\framework\src\Illuminate\Pipeline\Pipeline.php"
      "line" => 180
      "function" => "Illuminate\Foundation\Http\{closure}"
      "class" => "Illuminate\Foundation\Http\Kernel"
      "type" => "->"
    ]
    14 => array:5 [
      "file" => "C:\laragon\www\home-cameroon\backend\vendor\laravel\framework\src\Illuminate\Foundation\Http\Middleware\TransformsRequest.php"
      "line" => 21
      "function" => "Illuminate\Pipeline\{closure}"
      "class" => "Illuminate\Pipeline\Pipeline"
      "type" => "->"
    ]
    15 => array:5 [
      "file" => "C:\laragon\www\home-cameroon\backend\vendor\laravel\framework\src\Illuminate\Foundation\Http\Middleware\ConvertEmptyStringsToNull.php"
      "line" => 31
      "function" => "handle"
      "class" => "Illuminate\Foundation\Http\Middleware\TransformsRequest"
      "type" => "->"
    ]
    16 => array:5 [
      "file" => "C:\laragon\www\home-cameroon\backend\vendor\laravel\framework\src\Illuminate\Pipeline\Pipeline.php"
      "line" => 219
      "function" => "handle"
      "class" => "Illuminate\Foundation\Http\Middleware\ConvertEmptyStringsToNull"
      "type" => "->"
    ]
    17 => array:5 [
      "file" => "C:\laragon\www\home-cameroon\backend\vendor\laravel\framework\src\Illuminate\Foundation\Http\Middleware\TransformsRequest.php"
      "line" => 21
      "function" => "Illuminate\Pipeline\{closure}"
      "class" => "Illuminate\Pipeline\Pipeline"
      "type" => "->"
    ]
    18 => array:5 [
      "file" => "C:\laragon\www\home-cameroon\backend\vendor\laravel\framework\src\Illuminate\Foundation\Http\Middleware\TrimStrings.php"
      "line" => 51
      "function" => "handle"
      "class" => "Illuminate\Foundation\Http\Middleware\TransformsRequest"
      "type" => "->"
    ]
    19 => array:5 [
      "file" => "C:\laragon\www\home-cameroon\backend\vendor\laravel\framework\src\Illuminate\Pipeline\Pipeline.php"
      "line" => 219
      "function" => "handle"
      "class" => "Illuminate\Foundation\Http\Middleware\TrimStrings"
      "type" => "->"
    ]
    20 => array:5 [
      "file" => "C:\laragon\www\home-cameroon\backend\vendor\laravel\framework\src\Illuminate\Http\Middleware\ValidatePostSize.php"
      "line" => 27
      "function" => "Illuminate\Pipeline\{closure}"
      "class" => "Illuminate\Pipeline\Pipeline"
      "type" => "->"
    ]
    21 => array:5 [
      "file" => "C:\laragon\www\home-cameroon\backend\vendor\laravel\framework\src\Illuminate\Pipeline\Pipeline.php"
      "line" => 219
      "function" => "handle"
      "class" => "Illuminate\Http\Middleware\ValidatePostSize"
      "type" => "->"
    ]
    22 => array:5 [
      "file" => "C:\laragon\www\home-cameroon\backend\vendor\laravel\framework\src\Illuminate\Foundation\Http\Middleware\PreventRequestsDuringMaintenance.php"
      "line" => 109
      "function" => "Illuminate\Pipeline\{closure}"
      "class" => "Illuminate\Pipeline\Pipeline"
      "type" => "->"
    ]
    23 => array:5 [
      "file" => "C:\laragon\www\home-cameroon\backend\vendor\laravel\framework\src\Illuminate\Pipeline\Pipeline.php"
      "line" => 219
      "function" => "handle"
      "class" => "Illuminate\Foundation\Http\Middleware\PreventRequestsDuringMaintenance"
      "type" => "->"
    ]
    24 => array:5 [
      "file" => "C:\laragon\www\home-cameroon\backend\vendor\laravel\framework\src\Illuminate\Http\Middleware\HandleCors.php"
      "line" => 74
      "function" => "Illuminate\Pipeline\{closure}"
      "class" => "Illuminate\Pipeline\Pipeline"
      "type" => "->"
    ]
    25 => array:5 [
      "file" => "C:\laragon\www\home-cameroon\backend\vendor\laravel\framework\src\Illuminate\Pipeline\Pipeline.php"
      "line" => 219
      "function" => "handle"
      "class" => "Illuminate\Http\Middleware\HandleCors"
      "type" => "->"
    ]
    26 => array:5 [
      "file" => "C:\laragon\www\home-cameroon\backend\vendor\laravel\framework\src\Illuminate\Http\Middleware\TrustProxies.php"
      "line" => 58
      "function" => "Illuminate\Pipeline\{closure}"
      "class" => "Illuminate\Pipeline\Pipeline"
      "type" => "->"
    ]
    27 => array:5 [
      "file" => "C:\laragon\www\home-cameroon\backend\vendor\laravel\framework\src\Illuminate\Pipeline\Pipeline.php"
      "line" => 219
      "function" => "handle"
      "class" => "Illuminate\Http\Middleware\TrustProxies"
      "type" => "->"
    ]
    28 => array:5 [
      "file" => "C:\laragon\www\home-cameroon\backend\vendor\laravel\framework\src\Illuminate\Foundation\Http\Middleware\InvokeDeferredCallbacks.php"
      "line" => 22
      "function" => "Illuminate\Pipeline\{closure}"
      "class" => "Illuminate\Pipeline\Pipeline"
      "type" => "->"
    ]
    29 => array:5 [
      "file" => "C:\laragon\www\home-cameroon\backend\vendor\laravel\framework\src\Illuminate\Pipeline\Pipeline.php"
      "line" => 219
      "function" => "handle"
      "class" => "Illuminate\Foundation\Http\Middleware\InvokeDeferredCallbacks"
      "type" => "->"
    ]
    30 => array:5 [
      "file" => "C:\laragon\www\home-cameroon\backend\vendor\laravel\framework\src\Illuminate\Http\Middleware\ValidatePathEncoding.php"
      "line" => 26
      "function" => "Illuminate\Pipeline\{closure}"
      "class" => "Illuminate\Pipeline\Pipeline"
      "type" => "->"
    ]
    31 => array:5 [
      "file" => "C:\laragon\www\home-cameroon\backend\vendor\laravel\framework\src\Illuminate\Pipeline\Pipeline.php"
      "line" => 219
      "function" => "handle"
      "class" => "Illuminate\Http\Middleware\ValidatePathEncoding"
      "type" => "->"
    ]
    32 => array:5 [
      "file" => "C:\laragon\www\home-cameroon\backend\vendor\laravel\framework\src\Illuminate\Pipeline\Pipeline.php"
      "line" => 137
      "function" => "Illuminate\Pipeline\{closure}"
      "class" => "Illuminate\Pipeline\Pipeline"
      "type" => "->"
    ]
    33 => array:5 [
      "file" => "C:\laragon\www\home-cameroon\backend\vendor\laravel\framework\src\Illuminate\Foundation\Http\Kernel.php"
      "line" => 175
      "function" => "then"
      "class" => "Illuminate\Pipeline\Pipeline"
      "type" => "->"
    ]
    34 => array:5 [
      "file" => "C:\laragon\www\home-cameroon\backend\vendor\laravel\framework\src\Illuminate\Foundation\Http\Kernel.php"
      "line" => 144
      "function" => "sendRequestThroughRouter"
      "class" => "Illuminate\Foundation\Http\Kernel"
      "type" => "->"
    ]
    35 => array:5 [
      "file" => "C:\laragon\www\home-cameroon\backend\vendor\laravel\framework\src\Illuminate\Foundation\Testing\Concerns\MakesHttpRequests.php"
      "line" => 607
      "function" => "handle"
      "class" => "Illuminate\Foundation\Http\Kernel"
      "type" => "->"
    ]
    36 => array:5 [
      "file" => "C:\laragon\www\home-cameroon\backend\vendor\laravel\framework\src\Illuminate\Foundation\Testing\Concerns\MakesHttpRequests.php"
      "line" => 573
      "function" => "call"
      "class" => "Illuminate\Foundation\Testing\TestCase"
      "type" => "->"
    ]
    37 => array:5 [
      "file" => "C:\laragon\www\home-cameroon\backend\vendor\laravel\framework\src\Illuminate\Foundation\Testing\Concerns\MakesHttpRequests.php"
      "line" => 411
      "function" => "json"
      "class" => "Illuminate\Foundation\Testing\TestCase"
      "type" => "->"
    ]
    38 => array:5 [
      "file" => "C:\laragon\www\home-cameroon\backend\tests\Feature\Location\ProcessusLocationTest.php"
      "line" => 593
      "function" => "postJson"
      "class" => "Illuminate\Foundation\Testing\TestCase"
      "type" => "->"
    ]
    39 => array:5 [
      "file" => "C:\laragon\www\home-cameroon\backend\vendor\phpunit\phpunit\src\Framework\TestCase.php"
      "line" => 1667
      "function" => "scenario_complet_de_location"
      "class" => "Tests\Feature\Location\ProcessusLocationTest"
      "type" => "->"
    ]
    40 => array:5 [
      "file" => "C:\laragon\www\home-cameroon\backend\vendor\phpunit\phpunit\src\Framework\TestCase.php"
      "line" => 519
      "function" => "runTest"
      "class" => "PHPUnit\Framework\TestCase"
      "type" => "->"
    ]
    41 => array:5 [
      "file" => "C:\laragon\www\home-cameroon\backend\vendor\phpunit\phpunit\src\Framework\TestRunner\TestRunner.php"
      "line" => 87
      "function" => "runBare"
      "class" => "PHPUnit\Framework\TestCase"
      "type" => "->"
    ]
    42 => array:5 [
      "file" => "C:\laragon\www\home-cameroon\backend\vendor\phpunit\phpunit\src\Framework\TestCase.php"
      "line" => 365
      "function" => "run"
      "class" => "PHPUnit\Framework\TestRunner"
      "type" => "->"
    ]
    43 => array:5 [
      "file" => "C:\laragon\www\home-cameroon\backend\vendor\phpunit\phpunit\src\Framework\TestSuite.php"
      "line" => 369
      "function" => "run"
      "class" => "PHPUnit\Framework\TestCase"
      "type" => "->"
    ]
    44 => array:5 [
      "file" => "C:\laragon\www\home-cameroon\backend\vendor\phpunit\phpunit\src\Framework\TestSuite.php"
      "line" => 369
      "function" => "run"
      "class" => "PHPUnit\Framework\TestSuite"
      "type" => "->"
    ]
    45 => array:5 [
      "file" => "C:\laragon\www\home-cameroon\backend\vendor\phpunit\phpunit\src\Framework\TestSuite.php"
      "line" => 369
      "function" => "run"
      "class" => "PHPUnit\Framework\TestSuite"
      "type" => "->"
    ]
    46 => array:5 [
      "file" => "C:\laragon\www\home-cameroon\backend\vendor\phpunit\phpunit\src\TextUI\TestRunner.php"
      "line" => 64
      "function" => "run"
      "class" => "PHPUnit\Framework\TestSuite"
      "type" => "->"
    ]
    47 => array:5 [
      "file" => "C:\laragon\www\home-cameroon\backend\vendor\phpunit\phpunit\src\TextUI\Application.php"
      "line" => 211
      "function" => "run"
      "class" => "PHPUnit\TextUI\TestRunner"
      "type" => "->"
    ]
    48 => array:5 [
      "file" => "C:\laragon\www\home-cameroon\backend\vendor\phpunit\phpunit\phpunit"
      "line" => 104
      "function" => "run"
      "class" => "PHPUnit\TextUI\Application"
      "type" => "->"
    ]
  ]
] // tests\Feature\Location\ProcessusLocationTest.php:600

   FAIL  Tests\Feature\Location\ProcessusLocationTest
  ⨯ scenario complet de location                                                                                 1.30s  
  ────────────────────────────────────────────────────────────────────────────────────────────────────────────────────  
   FAILED  Tests\Feature\Location\ProcessusLocationTest > scenario complet de location                                  
  Expected response status code [200] but received 404.
Failed asserting that 404 is identical to 200.

  at tests\Feature\Location\ProcessusLocationTest.php:603
    599▕             dump("Property from DB: ", Property::find($property->id)?->toArray());
    600▕             dump("Response body: ", $response->json());
    601▕         }
    602▕ 
  ➜ 603▕         $response->assertStatus(200)->assertJson(['success' => true]);
    604▕ 
    605▕         // 8. La BDD reflète l'acceptation
    606▕         $this->assertDatabaseHas('rentals', ['id' => $rentalId, 'status' => 'active']);
    607▕


  Tests:    1 failed (7 assertions)
  Duration: 1.91s

